Archive member included because of file (symbol)

d:/01- imt sdk/imt_sdk_win_64/winavr/bin/../lib/gcc/avr/4.3.3/avr5\libgcc.a(_exit.o)
                              d:/01- imt sdk/imt_sdk_win_64/winavr/bin/../lib/gcc/avr/4.3.3/../../../../avr/lib/avr5/crtm32.o (exit)
d:/01- imt sdk/imt_sdk_win_64/winavr/bin/../lib/gcc/avr/4.3.3/avr5\libgcc.a(_clear_bss.o)
                              ./UART_program.o (__do_clear_bss)

Memory Configuration

Name             Origin             Length             Attributes
text             0x00000000         0x00020000         xr
data             0x00800060         0x0000ffa0         rw !x
eeprom           0x00810000         0x00010000         rw !x
fuse             0x00820000         0x00000400         rw !x
lock             0x00830000         0x00000400         rw !x
signature        0x00840000         0x00000400         rw !x
*default*        0x00000000         0xffffffff

Linker script and memory map

LOAD d:/01- imt sdk/imt_sdk_win_64/winavr/bin/../lib/gcc/avr/4.3.3/../../../../avr/lib/avr5/crtm32.o
LOAD ./DC_MOTOR_program.o
LOAD ./DIO_program.o
LOAD ./PWM_program.o
LOAD ./UART_program.o
LOAD ./main.o
LOAD d:/01- imt sdk/imt_sdk_win_64/winavr/bin/../lib/gcc/avr/4.3.3/avr5\libgcc.a
LOAD d:/01- imt sdk/imt_sdk_win_64/winavr/bin/../lib/gcc/avr/4.3.3/../../../../avr/lib/avr5\libc.a
LOAD d:/01- imt sdk/imt_sdk_win_64/winavr/bin/../lib/gcc/avr/4.3.3/avr5\libgcc.a

.hash
 *(.hash)

.dynsym
 *(.dynsym)

.dynstr
 *(.dynstr)

.gnu.version
 *(.gnu.version)

.gnu.version_d
 *(.gnu.version_d)

.gnu.version_r
 *(.gnu.version_r)

.rel.init
 *(.rel.init)

.rela.init
 *(.rela.init)

.rel.text
 *(.rel.text)
 *(.rel.text.*)
 *(.rel.gnu.linkonce.t*)

.rela.text
 *(.rela.text)
 *(.rela.text.*)
 *(.rela.gnu.linkonce.t*)

.rel.fini
 *(.rel.fini)

.rela.fini
 *(.rela.fini)

.rel.rodata
 *(.rel.rodata)
 *(.rel.rodata.*)
 *(.rel.gnu.linkonce.r*)

.rela.rodata
 *(.rela.rodata)
 *(.rela.rodata.*)
 *(.rela.gnu.linkonce.r*)

.rel.data
 *(.rel.data)
 *(.rel.data.*)
 *(.rel.gnu.linkonce.d*)

.rela.data
 *(.rela.data)
 *(.rela.data.*)
 *(.rela.gnu.linkonce.d*)

.rel.ctors
 *(.rel.ctors)

.rela.ctors
 *(.rela.ctors)

.rel.dtors
 *(.rel.dtors)

.rela.dtors
 *(.rela.dtors)

.rel.got
 *(.rel.got)

.rela.got
 *(.rela.got)

.rel.bss
 *(.rel.bss)

.rela.bss
 *(.rela.bss)

.rel.plt
 *(.rel.plt)

.rela.plt
 *(.rela.plt)

.text           0x00000000      0xf86
 *(.vectors)
 .vectors       0x00000000       0x54 d:/01- imt sdk/imt_sdk_win_64/winavr/bin/../lib/gcc/avr/4.3.3/../../../../avr/lib/avr5/crtm32.o
                0x00000000                __vectors
                0x00000000                __vector_default
 *(.vectors)
 *(.progmem.gcc*)
 *(.progmem*)
                0x00000054                . = ALIGN (0x2)
                0x00000054                __trampolines_start = .
 *(.trampolines)
 .trampolines   0x00000054        0x0 linker stubs
 *(.trampolines*)
                0x00000054                __trampolines_end = .
 *(.jumptables)
 *(.jumptables*)
 *(.lowtext)
 *(.lowtext*)
                0x00000054                __ctors_start = .
 *(.ctors)
                0x00000054                __ctors_end = .
                0x00000054                __dtors_start = .
 *(.dtors)
                0x00000054                __dtors_end = .
 SORT(*)(.ctors)
 SORT(*)(.dtors)
 *(.init0)
 .init0         0x00000054        0x0 d:/01- imt sdk/imt_sdk_win_64/winavr/bin/../lib/gcc/avr/4.3.3/../../../../avr/lib/avr5/crtm32.o
                0x00000054                __init
 *(.init0)
 *(.init1)
 *(.init1)
 *(.init2)
 .init2         0x00000054        0xc d:/01- imt sdk/imt_sdk_win_64/winavr/bin/../lib/gcc/avr/4.3.3/../../../../avr/lib/avr5/crtm32.o
 *(.init2)
 *(.init3)
 *(.init3)
 *(.init4)
 .init4         0x00000060       0x10 d:/01- imt sdk/imt_sdk_win_64/winavr/bin/../lib/gcc/avr/4.3.3/avr5\libgcc.a(_clear_bss.o)
                0x00000060                __do_clear_bss
 *(.init4)
 *(.init5)
 *(.init5)
 *(.init6)
 *(.init6)
 *(.init7)
 *(.init7)
 *(.init8)
 *(.init8)
 *(.init9)
 .init9         0x00000070        0x8 d:/01- imt sdk/imt_sdk_win_64/winavr/bin/../lib/gcc/avr/4.3.3/../../../../avr/lib/avr5/crtm32.o
 *(.init9)
 *(.text)
 .text          0x00000078        0x4 d:/01- imt sdk/imt_sdk_win_64/winavr/bin/../lib/gcc/avr/4.3.3/../../../../avr/lib/avr5/crtm32.o
                0x00000078                __vector_1
                0x00000078                __vector_12
                0x00000078                __bad_interrupt
                0x00000078                __vector_6
                0x00000078                __vector_3
                0x00000078                __vector_11
                0x00000078                __vector_17
                0x00000078                __vector_19
                0x00000078                __vector_7
                0x00000078                __vector_5
                0x00000078                __vector_4
                0x00000078                __vector_9
                0x00000078                __vector_2
                0x00000078                __vector_8
                0x00000078                __vector_10
                0x00000078                __vector_16
                0x00000078                __vector_18
                0x00000078                __vector_20
 .text          0x0000007c        0x0 ./DC_MOTOR_program.o
 .text          0x0000007c        0x0 ./DIO_program.o
 .text          0x0000007c        0x0 ./PWM_program.o
 .text          0x0000007c        0x0 ./UART_program.o
 .text          0x0000007c        0x0 ./main.o
 .text          0x0000007c        0x0 d:/01- imt sdk/imt_sdk_win_64/winavr/bin/../lib/gcc/avr/4.3.3/avr5\libgcc.a(_exit.o)
 .text          0x0000007c        0x0 d:/01- imt sdk/imt_sdk_win_64/winavr/bin/../lib/gcc/avr/4.3.3/avr5\libgcc.a(_clear_bss.o)
                0x0000007c                . = ALIGN (0x2)
 *(.text.*)
 .text.DC_MOTOR_voidInit
                0x0000007c       0x36 ./DC_MOTOR_program.o
                0x0000007c                DC_MOTOR_voidInit
 .text.DC_MOTOR_voidRotateCW
                0x000000b2       0x50 ./DC_MOTOR_program.o
                0x000000b2                DC_MOTOR_voidRotateCW
 .text.DC_MOTOR_MovingRight
                0x00000102       0x5a ./DC_MOTOR_program.o
                0x00000102                DC_MOTOR_MovingRight
 .text.DC_MOTOR_MovingLeft
                0x0000015c       0x5a ./DC_MOTOR_program.o
                0x0000015c                DC_MOTOR_MovingLeft
 .text.DC_MOTOR_voidRotateACW
                0x000001b6       0x50 ./DC_MOTOR_program.o
                0x000001b6                DC_MOTOR_voidRotateACW
 .text.DC_1_MOTOR_voidStop
                0x00000206       0x50 ./DC_MOTOR_program.o
                0x00000206                DC_1_MOTOR_voidStop
 .text.DC_2_MOTOR_voidStop
                0x00000256       0x50 ./DC_MOTOR_program.o
                0x00000256                DC_2_MOTOR_voidStop
 .text.DC_MOTOR_voidStop
                0x000002a6       0x50 ./DC_MOTOR_program.o
                0x000002a6                DC_MOTOR_voidStop
 .text.DIO_voidSetPinDirection
                0x000002f6      0x204 ./DIO_program.o
                0x000002f6                DIO_voidSetPinDirection
 .text.DIO_voidSetPinValue
                0x000004fa      0x204 ./DIO_program.o
                0x000004fa                DIO_voidSetPinValue
 .text.DIO_voidSetPortDirection
                0x000006fe       0x84 ./DIO_program.o
                0x000006fe                DIO_voidSetPortDirection
 .text.DIO_voidSetPortValue
                0x00000782       0x84 ./DIO_program.o
                0x00000782                DIO_voidSetPortValue
 .text.DIO_u8GETPinValue
                0x00000806       0xf2 ./DIO_program.o
                0x00000806                DIO_u8GETPinValue
 .text.PWM_voidInit_1_
                0x000008f8       0x8c ./PWM_program.o
                0x000008f8                PWM_voidInit_1_
 .text.PWM_voidInit_0_
                0x00000984       0x7a ./PWM_program.o
                0x00000984                PWM_voidInit_0_
 .text.PWM_voidSetTopValue_1_
                0x000009fe       0x24 ./PWM_program.o
                0x000009fe                PWM_voidSetTopValue_1_
 .text.PWM_voidOCRValue_1_
                0x00000a22       0x24 ./PWM_program.o
                0x00000a22                PWM_voidOCRValue_1_
 .text.PWM_voidOCRValue_0_
                0x00000a46       0x20 ./PWM_program.o
                0x00000a46                PWM_voidOCRValue_0_
 .text.UART_voidInit
                0x00000a66       0x72 ./UART_program.o
                0x00000a66                UART_voidInit
 .text.UART_voidSendData_SyncBlocking
                0x00000ad8       0x5a ./UART_program.o
                0x00000ad8                UART_voidSendData_SyncBlocking
 .text.UART_voidSendData_SyncNonBlocking
                0x00000b32       0xee ./UART_program.o
                0x00000b32                UART_voidSendData_SyncNonBlocking
 .text.UART_voidSendString_SyncNonBlocking
                0x00000c20       0x40 ./UART_program.o
                0x00000c20                UART_voidSendString_SyncNonBlocking
 .text.UART_receiveString
                0x00000c60       0x86 ./UART_program.o
                0x00000c60                UART_receiveString
 .text.UART_voidSendData_Async
                0x00000ce6       0x26 ./UART_program.o
                0x00000ce6                UART_voidSendData_Async
 .text.UART_voidReceiveData_SyncBlocking
                0x00000d0c       0x1e ./UART_program.o
                0x00000d0c                UART_voidReceiveData_SyncBlocking
 .text.UART_voidReceiveData_Async
                0x00000d2a       0x14 ./UART_program.o
                0x00000d2a                UART_voidReceiveData_Async
 .text.UART_voidReceiveData_AsyncNonBlocking
                0x00000d3e       0x86 ./UART_program.o
                0x00000d3e                UART_voidReceiveData_AsyncNonBlocking
 .text.UART_voidSetCallBack
                0x00000dc4       0x44 ./UART_program.o
                0x00000dc4                UART_voidSetCallBack
 .text.__vector_13
                0x00000e08       0x66 ./UART_program.o
                0x00000e08                __vector_13
 .text.__vector_14
                0x00000e6e       0x66 ./UART_program.o
                0x00000e6e                __vector_14
 .text.__vector_15
                0x00000ed4       0x66 ./UART_program.o
                0x00000ed4                __vector_15
 .text.main     0x00000f3a       0x48 ./main.o
                0x00000f3a                main
 .text.libgcc   0x00000f82        0x0 d:/01- imt sdk/imt_sdk_win_64/winavr/bin/../lib/gcc/avr/4.3.3/avr5\libgcc.a(_exit.o)
 .text.libgcc   0x00000f82        0x0 d:/01- imt sdk/imt_sdk_win_64/winavr/bin/../lib/gcc/avr/4.3.3/avr5\libgcc.a(_clear_bss.o)
                0x00000f82                . = ALIGN (0x2)
 *(.fini9)
 .fini9         0x00000f82        0x0 d:/01- imt sdk/imt_sdk_win_64/winavr/bin/../lib/gcc/avr/4.3.3/avr5\libgcc.a(_exit.o)
                0x00000f82                exit
                0x00000f82                _exit
 *(.fini9)
 *(.fini8)
 *(.fini8)
 *(.fini7)
 *(.fini7)
 *(.fini6)
 *(.fini6)
 *(.fini5)
 *(.fini5)
 *(.fini4)
 *(.fini4)
 *(.fini3)
 *(.fini3)
 *(.fini2)
 *(.fini2)
 *(.fini1)
 *(.fini1)
 *(.fini0)
 .fini0         0x00000f82        0x4 d:/01- imt sdk/imt_sdk_win_64/winavr/bin/../lib/gcc/avr/4.3.3/avr5\libgcc.a(_exit.o)
 *(.fini0)
                0x00000f86                _etext = .

.data           0x00800060        0x0 load address 0x00000f86
                0x00800060                PROVIDE (__data_start, .)
 *(.data)
 .data          0x00800060        0x0 d:/01- imt sdk/imt_sdk_win_64/winavr/bin/../lib/gcc/avr/4.3.3/../../../../avr/lib/avr5/crtm32.o
 .data          0x00800060        0x0 ./DC_MOTOR_program.o
 .data          0x00800060        0x0 ./DIO_program.o
 .data          0x00800060        0x0 ./PWM_program.o
 .data          0x00800060        0x0 ./UART_program.o
 .data          0x00800060        0x0 ./main.o
 .data          0x00800060        0x0 d:/01- imt sdk/imt_sdk_win_64/winavr/bin/../lib/gcc/avr/4.3.3/avr5\libgcc.a(_exit.o)
 .data          0x00800060        0x0 d:/01- imt sdk/imt_sdk_win_64/winavr/bin/../lib/gcc/avr/4.3.3/avr5\libgcc.a(_clear_bss.o)
 *(.data*)
 *(.rodata)
 *(.rodata*)
 *(.gnu.linkonce.d*)
                0x00800060                . = ALIGN (0x2)
                0x00800060                _edata = .
                0x00800060                PROVIDE (__data_end, .)

.bss            0x00800060        0x6
                0x00800060                PROVIDE (__bss_start, .)
 *(.bss)
 .bss           0x00800060        0x0 d:/01- imt sdk/imt_sdk_win_64/winavr/bin/../lib/gcc/avr/4.3.3/../../../../avr/lib/avr5/crtm32.o
 .bss           0x00800060        0x0 ./DC_MOTOR_program.o
 .bss           0x00800060        0x0 ./DIO_program.o
 .bss           0x00800060        0x0 ./PWM_program.o
 .bss           0x00800060        0x0 ./UART_program.o
 .bss           0x00800060        0x0 ./main.o
 .bss           0x00800060        0x0 d:/01- imt sdk/imt_sdk_win_64/winavr/bin/../lib/gcc/avr/4.3.3/avr5\libgcc.a(_exit.o)
 .bss           0x00800060        0x0 d:/01- imt sdk/imt_sdk_win_64/winavr/bin/../lib/gcc/avr/4.3.3/avr5\libgcc.a(_clear_bss.o)
 *(.bss*)
 .bss.funcptr   0x00800060        0x6 ./UART_program.o
 *(COMMON)
                0x00800066                PROVIDE (__bss_end, .)
                0x00000f86                __data_load_start = LOADADDR (.data)
                0x00000f86                __data_load_end = (__data_load_start + SIZEOF (.data))

.noinit         0x00800066        0x0
                0x00800066                PROVIDE (__noinit_start, .)
 *(.noinit*)
                0x00800066                PROVIDE (__noinit_end, .)
                0x00800066                _end = .
                0x00800066                PROVIDE (__heap_start, .)

.eeprom         0x00810000        0x0
 *(.eeprom*)
                0x00810000                __eeprom_end = .

.fuse
 *(.fuse)
 *(.lfuse)
 *(.hfuse)
 *(.efuse)

.lock
 *(.lock*)

.signature
 *(.signature*)

.stab           0x00000000     0x13d4
 *(.stab)
 .stab          0x00000000      0x51c ./DC_MOTOR_program.o
 .stab          0x0000051c      0x42c ./DIO_program.o
                                0x4b0 (size before relaxing)
 .stab          0x00000948      0x2ac ./PWM_program.o
                                0x330 (size before relaxing)
 .stab          0x00000bf4      0x654 ./UART_program.o
                                0x6d8 (size before relaxing)
 .stab          0x00001248      0x18c ./main.o
                                0x234 (size before relaxing)

.stabstr        0x00000000      0x913
 *(.stabstr)
 .stabstr       0x00000000      0x913 ./DC_MOTOR_program.o

.stab.excl
 *(.stab.excl)

.stab.exclstr
 *(.stab.exclstr)

.stab.index
 *(.stab.index)

.stab.indexstr
 *(.stab.indexstr)

.comment
 *(.comment)

.debug
 *(.debug)

.line
 *(.line)

.debug_srcinfo
 *(.debug_srcinfo)

.debug_sfnames
 *(.debug_sfnames)

.debug_aranges
 *(.debug_aranges)

.debug_pubnames
 *(.debug_pubnames)

.debug_info
 *(.debug_info)
 *(.gnu.linkonce.wi.*)

.debug_abbrev
 *(.debug_abbrev)

.debug_line
 *(.debug_line)

.debug_frame
 *(.debug_frame)

.debug_str
 *(.debug_str)

.debug_loc
 *(.debug_loc)

.debug_macinfo
 *(.debug_macinfo)
OUTPUT(RC_CAR.elf elf32-avr)
LOAD linker stubs
